{"ts": "2025-09-11 21:48:56,829", "level": "ERROR", "logger": "yamllm.core.exceptions", "msg": "ToolExecutionError: Tool sleep_tool: Timed out after 0.05s", "exc_info": null}
{"ts": "2025-09-11 21:48:56,834", "level": "ERROR", "logger": "yamllm.core.exceptions", "msg": "ToolExecutionError: Tool error_tool: Invalid argument type or value: boom", "exc_info": null}
{"ts": "2025-09-11 21:48:56,939", "level": "ERROR", "logger": "yamllm.core.exceptions", "msg": "ToolExecutionError: Tool mock_tool: Timed out after 0.05s", "exc_info": null}
{"ts": "2025-09-11 21:48:56,945", "level": "ERROR", "logger": "yamllm.core.exceptions", "msg": "ToolExecutionError: Tool mock_tool: Invalid argument type or value: TestToolExceptionHandling.test_tool_manager_missing_argument.<locals>.strict_execute() missing 1 required positional argument: 'test_param'", "exc_info": null}
{"ts": "2025-09-11 21:48:56,946", "level": "ERROR", "logger": "yamllm.core.exceptions", "msg": "ToolExecutionError: Tool mock_tool: Invalid argument type or value: Invalid value", "exc_info": null}
{"ts": "2025-09-11 21:48:56,947", "level": "ERROR", "logger": "yamllm.core.exceptions", "msg": "ToolExecutionError: Tool mock_tool: Unexpected error: Something went wrong", "exc_info": null}
{"ts": "2025-09-11 21:49:16,264", "level": "ERROR", "logger": "yamllm.core.exceptions", "msg": "ToolExecutionError: Tool sleep_tool: Timed out after 0.05s", "exc_info": null}
{"ts": "2025-09-11 21:49:16,270", "level": "ERROR", "logger": "yamllm.core.exceptions", "msg": "ToolExecutionError: Tool error_tool: Invalid argument type or value: boom", "exc_info": null}
{"ts": "2025-09-11 21:49:16,375", "level": "ERROR", "logger": "yamllm.core.exceptions", "msg": "ToolExecutionError: Tool mock_tool: Timed out after 0.05s", "exc_info": null}
{"ts": "2025-09-11 21:49:16,381", "level": "ERROR", "logger": "yamllm.core.exceptions", "msg": "ToolExecutionError: Tool mock_tool: Invalid argument type or value: TestToolExceptionHandling.test_tool_manager_missing_argument.<locals>.strict_execute() missing 1 required positional argument: 'test_param'", "exc_info": null}
{"ts": "2025-09-11 21:49:16,382", "level": "ERROR", "logger": "yamllm.core.exceptions", "msg": "ToolExecutionError: Tool mock_tool: Invalid argument type or value: Invalid value", "exc_info": null}
{"ts": "2025-09-11 21:49:16,382", "level": "ERROR", "logger": "yamllm.core.exceptions", "msg": "ToolExecutionError: Tool mock_tool: Unexpected error: Something went wrong", "exc_info": null}
{"ts": "2025-09-11 22:13:00,849", "level": "ERROR", "logger": "yamllm.core.exceptions", "msg": "ToolExecutionError: Tool sleep_tool: timed out after 0.05s", "exc_info": null}
{"ts": "2025-09-11 22:13:00,855", "level": "ERROR", "logger": "yamllm.core.exceptions", "msg": "ToolExecutionError: Tool error_tool: Invalid argument type or value: boom", "exc_info": null}
{"ts": "2025-09-11 22:13:00,959", "level": "ERROR", "logger": "yamllm.core.exceptions", "msg": "ToolExecutionError: Tool mock_tool: timed out after 0.05s", "exc_info": null}
{"ts": "2025-09-11 22:13:00,960", "level": "ERROR", "logger": "yamllm.core.exceptions", "msg": "ToolExecutionError: Tool mock_tool: Invalid argument type or value: TestToolExceptionHandling.test_tool_manager_missing_argument.<locals>.strict_execute() missing 1 required positional argument: 'test_param'", "exc_info": null}
{"ts": "2025-09-11 22:13:00,961", "level": "ERROR", "logger": "yamllm.core.exceptions", "msg": "ToolExecutionError: Tool mock_tool: Invalid argument type or value: Invalid value", "exc_info": null}
{"ts": "2025-09-11 22:13:00,961", "level": "ERROR", "logger": "yamllm.core.exceptions", "msg": "ToolExecutionError: Tool mock_tool: Unexpected error: Something went wrong", "exc_info": null}
{"ts": "2025-09-11 22:15:16,641", "level": "ERROR", "logger": "yamllm.core.exceptions", "msg": "ToolExecutionError: Tool sleep_tool: timed out after 0.05s", "exc_info": null}
{"ts": "2025-09-11 22:15:16,646", "level": "ERROR", "logger": "yamllm.core.exceptions", "msg": "ToolExecutionError: Tool error_tool: Invalid argument type or value: boom", "exc_info": null}
{"ts": "2025-09-11 22:15:16,751", "level": "ERROR", "logger": "yamllm.core.exceptions", "msg": "ToolExecutionError: Tool mock_tool: timed out after 0.05s", "exc_info": null}
{"ts": "2025-09-11 22:15:16,752", "level": "ERROR", "logger": "yamllm.core.exceptions", "msg": "ToolExecutionError: Tool mock_tool: Invalid argument type or value: TestToolExceptionHandling.test_tool_manager_missing_argument.<locals>.strict_execute() missing 1 required positional argument: 'test_param'", "exc_info": null}
{"ts": "2025-09-11 22:15:16,752", "level": "ERROR", "logger": "yamllm.core.exceptions", "msg": "ToolExecutionError: Tool mock_tool: Invalid argument type or value: Invalid value", "exc_info": null}
{"ts": "2025-09-11 22:15:16,753", "level": "ERROR", "logger": "yamllm.core.exceptions", "msg": "ToolExecutionError: Tool mock_tool: Unexpected error: Something went wrong", "exc_info": null}
{"ts": "2025-09-12 10:23:35,657", "level": "ERROR", "logger": "yamllm.core.exceptions", "msg": "ToolExecutionError: Tool sleep_tool: timed out after 0.05s", "exc_info": null}
{"ts": "2025-09-12 10:23:35,663", "level": "ERROR", "logger": "yamllm.core.exceptions", "msg": "ToolExecutionError: Tool error_tool: Invalid argument type or value: boom", "exc_info": null}
{"ts": "2025-09-12 10:23:35,768", "level": "ERROR", "logger": "yamllm.core.exceptions", "msg": "ToolExecutionError: Tool mock_tool: timed out after 0.05s", "exc_info": null}
{"ts": "2025-09-12 10:23:35,768", "level": "ERROR", "logger": "yamllm.core.exceptions", "msg": "ToolExecutionError: Tool mock_tool: Invalid argument type or value: TestToolExceptionHandling.test_tool_manager_missing_argument.<locals>.strict_execute() missing 1 required positional argument: 'test_param'", "exc_info": null}
{"ts": "2025-09-12 10:23:35,769", "level": "ERROR", "logger": "yamllm.core.exceptions", "msg": "ToolExecutionError: Tool mock_tool: Invalid argument type or value: Invalid value", "exc_info": null}
{"ts": "2025-09-12 10:23:35,770", "level": "ERROR", "logger": "yamllm.core.exceptions", "msg": "ToolExecutionError: Tool mock_tool: Unexpected error: Something went wrong", "exc_info": null}
{"ts": "2025-09-12 10:29:23,242", "level": "ERROR", "logger": "yamllm.core.exceptions", "msg": "ToolExecutionError: Tool sleep_tool: timed out after 0.05s", "exc_info": null}
{"ts": "2025-09-12 10:29:23,249", "level": "ERROR", "logger": "yamllm.core.exceptions", "msg": "ToolExecutionError: Tool error_tool: Invalid argument type or value: boom", "exc_info": null}
{"ts": "2025-09-12 10:29:23,353", "level": "ERROR", "logger": "yamllm.core.exceptions", "msg": "ToolExecutionError: Tool mock_tool: timed out after 0.05s", "exc_info": null}
{"ts": "2025-09-12 10:29:23,359", "level": "ERROR", "logger": "yamllm.core.exceptions", "msg": "ToolExecutionError: Tool mock_tool: Invalid argument type or value: TestToolExceptionHandling.test_tool_manager_missing_argument.<locals>.strict_execute() missing 1 required positional argument: 'test_param'", "exc_info": null}
{"ts": "2025-09-12 10:29:23,367", "level": "ERROR", "logger": "yamllm.core.exceptions", "msg": "ToolExecutionError: Tool mock_tool: Invalid argument type or value: Invalid value", "exc_info": null}
{"ts": "2025-09-12 10:29:23,370", "level": "ERROR", "logger": "yamllm.core.exceptions", "msg": "ToolExecutionError: Tool mock_tool: Unexpected error: Something went wrong", "exc_info": null}
{"ts": "2025-09-12 10:48:51,562", "level": "ERROR", "logger": "yamllm.core.exceptions", "msg": "ToolExecutionError: Tool mock_tool: timed out after 0.05s", "exc_info": null}
{"ts": "2025-09-12 10:48:51,564", "level": "ERROR", "logger": "yamllm.core.exceptions", "msg": "ToolExecutionError: Tool mock_tool: Invalid argument type or value: TestToolExceptionHandling.test_tool_manager_missing_argument.<locals>.strict_execute() missing 1 required positional argument: 'test_param'", "exc_info": null}
{"ts": "2025-09-12 10:48:51,564", "level": "ERROR", "logger": "yamllm.core.exceptions", "msg": "ToolExecutionError: Tool mock_tool: Invalid argument type or value: Invalid value", "exc_info": null}
{"ts": "2025-09-12 10:48:51,565", "level": "ERROR", "logger": "yamllm.core.exceptions", "msg": "ToolExecutionError: Tool mock_tool: Unexpected error: Something went wrong", "exc_info": null}
{"ts": "2026-05-04 18:41:31,201", "level": "ERROR", "logger": "yamllm.core.exceptions", "msg": "ToolExecutionError: Tool sleep_tool: timed out after 0.05s", "exc_info": null}
{"ts": "2026-05-04 18:41:31,204", "level": "ERROR", "logger": "yamllm.core.exceptions", "msg": "ToolExecutionError: Tool error_tool: Invalid argument type or value: boom", "exc_info": null}
{"ts": "2026-05-04 18:41:31,311", "level": "ERROR", "logger": "yamllm.core.exceptions", "msg": "ToolExecutionError: Tool mock_tool: timed out after 0.05s", "exc_info": null}
{"ts": "2026-05-04 18:41:31,313", "level": "ERROR", "logger": "yamllm.core.exceptions", "msg": "ToolExecutionError: Tool mock_tool: Invalid argument type or value: TestToolExceptionHandling.test_tool_manager_missing_argument.<locals>.strict_execute() missing 1 required positional argument: 'test_param'", "exc_info": null}
{"ts": "2026-05-04 18:41:31,315", "level": "ERROR", "logger": "yamllm.core.exceptions", "msg": "ToolExecutionError: Tool mock_tool: Invalid argument type or value: Invalid value", "exc_info": null}
{"ts": "2026-05-04 18:41:31,316", "level": "ERROR", "logger": "yamllm.core.exceptions", "msg": "ToolExecutionError: Tool mock_tool: Unexpected error: Something went wrong", "exc_info": null}
